Header 1  |  Header 2
--------  |  --------
Header 3  |  Cell 1
Header 4  |  Cell 2
