- List item 1
- List item 2
- List item 3
- List item 4
- List item 5
- List item 6
- List item 7
- List item 8
- List item 9

  Over multiple lines
- List item 10
- List item 11

  Over multiple lines
