Test paragraph quote 1

Test paragraph quote 2

— Test citation
