Header 1               |  Cell 1
Header 2  |  Header 3  |  Cell 2
