Cell 1  |  Cell 2                |  Cell 3
Cell 4  |  Cell 5 paragraph 1    |  Cell 6
        |                        |
        |  - Cell 5 list item 1  |
        |  - Cell 5 list item 2  |
Cell 7  |  Cell 8                |  Cell 9
