Header 1  |  Header 2  |  Cell 1
          |  Header 3  |  Cell 2
