Test paragraph 1
with line break


Test paragraph 2
