Test paragraph 1

---------------

Test paragraph 2
