Cell 1                 |  Cell 2
Cell 3 with more text  |  Cell 4
