Header 1  |  Header 2  |  Header 3
          |  Header 4  |  Header 5
--------  |  --------  |  --------
Cell 1    |  Cell 2    |  Cell 3
Cell 4    |  Cell 5    |  Cell 6
