Term 1
  Description 1
Term 2
  Description 2
Term 3
  Description 3

Paragraph after
