Cell 1  |  Cell 2                |  Cell 3
        |  Cell 4 paragraph 1    |
        |                        |
        |  - Cell 4 list item 1  |
        |  - Cell 4 list item 2  |
        |                        |  Cell 5
